STM32_fan_Lib.c:32:6:set_is_exit	16	static
STM32_fan_Lib.c:36:9:get_is_exit	4	static
STM32_fan_Lib.c:41:6:reverse	32	static
STM32_fan_Lib.c:57:5:intToStr	32	static
STM32_fan_Lib.c:75:6:ftoa	48	static
STM32_fan_Lib.c:98:7:dec	16	static
STM32_fan_Lib.c:112:9:convert_digits_to_number1	24	static
STM32_fan_Lib.c:116:6:convert_digits_to_number	16	static
STM32_fan_Lib.c:120:9:calculate_pulse_width_fan_control	24	static
STM32_fan_Lib.c:127:10:calculate_duty_cycle	24	static
STM32_fan_Lib.c:135:10:calculate_pulse_width	16	static
STM32_fan_Lib.c:139:6:adjust_tim1_pulse_width	16	static
STM32_fan_Lib.c:143:6:print_fan_speed_result	56	static
STM32_fan_Lib.c:153:9:get_fan_speed_int	16	static
STM32_fan_Lib.c:158:6:get_fan_control	4	static
STM32_fan_Lib.c:162:9:is_fan_speed_received	4	static
STM32_fan_Lib.c:165:6:reset_fan_speed_received	4	static
STM32_fan_Lib.c:168:6:receive_input_fan_speed	16	static
STM32_fan_Lib.c:188:6:print_fan_control_result	16	static
STM32_fan_Lib.c:201:9:is_fan_control_received	4	static
STM32_fan_Lib.c:204:6:reset_fan_control_received	4	static
STM32_fan_Lib.c:208:6:receive_input_fan_control	16	static
STM32_fan_Lib.c:241:6:init_tim2_terminal	16	static
STM32_fan_Lib.c:246:6:init_tim2_potentiometer	16	static
STM32_fan_Lib.c:251:6:tim2_options_init	16	static
STM32_fan_Lib.c:263:6:print_message	16	static
STM32_fan_Lib.c:267:6:init_hal	8	static
STM32_fan_Lib.c:275:6:config_system_clock	184	static
STM32_fan_Lib.c:347:6:init_adc1	32	static
STM32_fan_Lib.c:401:6:init_tim1	112	static
STM32_fan_Lib.c:475:6:set_current_mode	16	static
STM32_fan_Lib.c:479:9:get_current_mode	4	static
STM32_fan_Lib.c:483:6:set_previous_mode	16	static
STM32_fan_Lib.c:487:9:get_previous_mode	4	static
STM32_fan_Lib.c:491:9:is_mode_changed	4	static
STM32_fan_Lib.c:505:6:init_tim2	56	static
STM32_fan_Lib.c:545:6:HAL_TIM_PeriodElapsedCallback	120	static
STM32_fan_Lib.c:593:6:init_usart2_uart	16	static
STM32_fan_Lib.c:628:6:init_gpio	40	static
STM32_fan_Lib.c:648:6:tim1_complement_pwm_start	8	static
STM32_fan_Lib.c:652:6:tim1_complement_pwm_stop	8	static
STM32_fan_Lib.c:656:6:tim2_base_start_interrupt	8	static
STM32_fan_Lib.c:659:6:tim2_base_stop_interrupt	8	static
STM32_fan_Lib.c:664:6:tim_base_start_interrupt	8	static
STM32_fan_Lib.c:667:6:tim_base_stop_interrupt	8	static
STM32_fan_Lib.c:679:6:Error_Handler	4	static,ignoring_inline_asm
